[04:03:52] [ServerMain/INFO]: [bootstrap] Running Java 25 (OpenJDK 64-Bit Server VM 25.0.3+9-2-24.04.2-Ubuntu; Ubuntu null) on Linux 6.8.0-1052-azure (amd64)
[04:03:52] [ServerMain/INFO]: [bootstrap] Loading Paper 26.2-65-main@fc9375a (2026-07-22T08:55:19Z) for Minecraft 26.2
[04:03:52] [ServerMain/INFO]: [PluginInitializerManager] Initializing plugins...
[04:03:53] [ServerMain/INFO]: [PluginInitializerManager] Initialized 1 plugin
[04:03:53] [ServerMain/INFO]: [PluginInitializerManager] Bukkit plugins (1):
 - SkinsRestorer (15.12.5)
[04:03:57] [DataConverter MCTypeRegistry init thread/INFO]: [ca.spottedleaf.dataconverter.minecraft.datatypes.MCTypeRegistry] Initialising converters for DataConverter...
[04:03:57] [ServerMain/INFO]: Environment: Environment[sessionHost=https://sessionserver.mojang.com, servicesHost=https://api.minecraftservices.com, profilesHost=https://api.mojang.com, name=PROD]
[04:03:58] [DataConverter MCTypeRegistry init thread/INFO]: [ca.spottedleaf.dataconverter.minecraft.datatypes.MCTypeRegistry] Finished initialising converters for DataConverter in 732.2ms
[04:04:00] [ServerMain/INFO]: Loaded 1585 recipes
[04:04:00] [ServerMain/INFO]: Loaded 1688 advancements
[04:04:00] [Server thread/INFO]: Starting minecraft server version 26.2
[04:04:00] [Server thread/INFO]: Loading properties
[04:04:00] [Server thread/INFO]: This server is running Paper version 26.2-65-main@fc9375a (2026-07-22T08:55:19Z) (Implementing API version 26.2.build.65-beta)
[04:04:01] [Server thread/INFO]: [spark] This server bundles the spark profiler. For more information please visit https://docs.papermc.io/paper/profiling
[04:04:01] [Server thread/INFO]: Server Ping Player Sample Count: 12
[04:04:01] [Server thread/INFO]: Using 4 threads for Netty based IO
[04:04:02] [Server thread/INFO]: [MoonriseCommon] Paper is using 1 worker threads, 1 I/O threads
[04:04:02] [Server thread/INFO]: Default game type: SURVIVAL
[04:04:02] [Server thread/INFO]: Generating keypair
[04:04:02] [Server thread/INFO]: Starting Minecraft server on *:25565
[04:04:02] [Server thread/INFO]: Paper: Using libdeflate (Linux x86_64) compression from Velocity.
[04:04:02] [Server thread/INFO]: Paper: Using OpenSSL 3.x.x (Linux x86_64) cipher from Velocity.
[04:04:02] [Server thread/INFO]: [SkinsRestorer] Loading server plugin SkinsRestorer v15.12.5
[04:04:02] [Server thread/INFO]: Server permissions file permissions.yml is empty, ignoring it
[04:04:02] [Server thread/INFO]: [SkinsRestorer] Enabling SkinsRestorer v15.12.5
[04:04:03] [Server thread/INFO]: [SkinsRestorer] Running on Minecraft 26.2.0.
[04:04:04] [Server thread/INFO]: [SkinsRestorer] Using paper join listener!
[04:04:04] [Server thread/WARN]: **** SERVER IS RUNNING IN OFFLINE/INSECURE MODE!
[04:04:04] [Server thread/WARN]: The server will make no attempt to authenticate usernames. Beware.
[04:04:04] [Server thread/WARN]: While this makes the game possible to play without internet access, it also opens up the ability for hackers to connect with any username they choose.
[04:04:04] [Server thread/WARN]: To change this, set "online-mode" to "true" in the server.properties file.
[04:04:04] [Server thread/INFO]: Preparing level "world"
[04:04:04] [Folia Async Scheduler Thread #1/INFO]: [SkinsRestorer] ----------------------------------------------
[04:04:04] [Folia Async Scheduler Thread #1/INFO]: [SkinsRestorer]     +===================+
[04:04:04] [Folia Async Scheduler Thread #1/INFO]: [SkinsRestorer]     |   SkinsRestorer   |
[04:04:04] [Folia Async Scheduler Thread #1/INFO]: [SkinsRestorer]     |-------------------|
[04:04:04] [Folia Async Scheduler Thread #1/INFO]: [SkinsRestorer]     |  Standalone Mode  |
[04:04:04] [Folia Async Scheduler Thread #1/INFO]: [SkinsRestorer]     +===================+
[04:04:04] [Folia Async Scheduler Thread #1/INFO]: [SkinsRestorer] ----------------------------------------------
[04:04:04] [Folia Async Scheduler Thread #1/INFO]: [SkinsRestorer]     Version: 15.12.5
[04:04:04] [Folia Async Scheduler Thread #1/INFO]: [SkinsRestorer]     Commit: 98b9488
[04:04:04] [Folia Async Scheduler Thread #1/INFO]: [SkinsRestorer]     This is the latest version!
[04:04:04] [Folia Async Scheduler Thread #1/INFO]: [SkinsRestorer] ----------------------------------------------
[04:04:04] [Folia Async Scheduler Thread #1/INFO]: [SkinsRestorer] Do you have issues? Read our troubleshooting guide: https://skinsrestorer.net/docs/troubleshooting
[04:04:04] [Folia Async Scheduler Thread #1/INFO]: [SkinsRestorer] Want to support SkinsRestorer or receive priority support? Become a supporter: https://skinsrestorer.net/pricing
[04:04:04] [Server thread/INFO]: Loading 0 persistent chunks for level 'minecraft:overworld'...
[04:04:04] [Server thread/INFO]: Prepared spawn area in 1 ms
[04:04:04] [Server thread/INFO]: Loading 0 persistent chunks for level 'minecraft:the_nether'...
[04:04:04] [Server thread/INFO]: Prepared spawn area in 3 ms
[04:04:04] [Server thread/INFO]: Loading 0 persistent chunks for level 'minecraft:the_end'...
[04:04:04] [Server thread/INFO]: Prepared spawn area in 3 ms
[04:04:04] [Server thread/INFO]: Done preparing level "world" (0.651s)
[04:04:05] [Server thread/INFO]: [spark] Starting background profiler...
[04:04:05] [Server thread/INFO]: Saving chunks for level 'ServerLevel[world]'/minecraft:overworld
[04:04:05] [Server thread/INFO]: Saving chunks for level 'ServerLevel[world]'/minecraft:the_nether
[04:04:05] [Server thread/INFO]: Saving chunks for level 'ServerLevel[world]'/minecraft:the_end
[04:04:05] [Server thread/INFO]: ThreadedAnvilChunkStorage (world): All chunks are saved
[04:04:05] [Server thread/INFO]: ThreadedAnvilChunkStorage (DIM-1): All chunks are saved
[04:04:05] [Server thread/INFO]: ThreadedAnvilChunkStorage (DIM1): All chunks are saved
[04:04:05] [Server thread/INFO]: ThreadedAnvilChunkStorage: All dimensions are saved
[04:04:05] [Server thread/INFO]: Running delayed init tasks
[04:04:05] [Server thread/INFO]: Done (13.741s)! For help, type "help"
[04:04:22] [User Authenticator #0/INFO]: UUID of player luchooxp is 2de53a19-0b6d-3d8c-86f0-784c50e6dffb
[04:04:25] [Server thread/INFO]: luchooxp joined the game
[04:04:25] [Server thread/INFO]: luchooxp[/127.184.138.211:52043] logged in with entity id 33 at ([minecraft:the_nether]-123.78906322122272, 38.0, -94.87249626532271)
[04:04:27] [User Authenticator #1/INFO]: UUID of player fachamente is 237ee537-2b9e-313c-bce8-5927eb57bb99
[04:04:28] [Server thread/INFO]: fachamente joined the game
[04:04:28] [Server thread/INFO]: fachamente[/127.53.242.150:37659] logged in with entity id 121 at ([minecraft:the_nether]-34.142073797162375, 81.0, -111.68135641358133)
[04:04:30] [Server thread/WARN]: [ca.spottedleaf.moonrise.patches.chunk_system.level.entity.EntityLookup] Entity uuid already exists: 031d0389-6557-4d40-95d4-27baaf6d5704, mapped to ZombifiedPiglin['Zombified Piglin'/127, uuid='031d0389-6557-4d40-95d4-27baaf6d5704', l='ServerLevel[world]', x=30.50, y=109.00, z=-181.50, cpos=[1, -12], tl=0, v=true], can't add ZombifiedPiglin['Zombified Piglin'/131, uuid='031d0389-6557-4d40-95d4-27baaf6d5704', l='ServerLevel[world]', x=33.43, y=106.00, z=-185.37, cpos=[2, -12], tl=0, v=false]
[04:07:20] [Server thread/INFO]: luchooxp fell from a high place
[04:07:33] [Server thread/INFO]: luchooxp issued server command: /tp fachamente
[04:07:33] [Server thread/INFO]: [luchooxp: Teleported luchooxp to fachamente]
[04:09:38] [Server thread/INFO]: fachamente has made the advancement [Diamonds!]
[04:22:42] [Server thread/INFO]: luchooxp issued server command: /tp fachamente luchooxp
[04:22:42] [Server thread/INFO]: [luchooxp: Teleported fachamente to luchooxp]
[04:24:39] [Server thread/INFO]: fachamente has made the advancement [Cover Me with Diamonds]
[04:39:53] [Server thread/INFO]: Unknown or incomplete command. See below for error
llollol<--[HERE]
[04:42:17] [Server thread/INFO]: luchooxp fell from a high place
[04:42:27] [Server thread/INFO]: luchooxp issued server command: /tp fachamente
[04:42:27] [Server thread/INFO]: [luchooxp: Teleported luchooxp to fachamente]
